base 62b56a07ca7e30e39f7fd00a6728d6bbd716ca1c
account TMessagesProj/src/main/java/org/telegram/messenger/MediaDataController.java hidingEverywhere 1
account TMessagesProj/src/main/java/org/telegram/messenger/MediaDataController.java hidingFromSuggestions 1
account TMessagesProj/src/main/java/org/telegram/messenger/MessagesController.java hidingArchive 1
account TMessagesProj/src/main/java/org/telegram/messenger/MessagesController.java hidingEverywhere 1
account TMessagesProj/src/main/java/org/telegram/messenger/MessagesController.java refillViewPinsIfNeeded 1
account TMessagesProj/src/main/java/org/telegram/messenger/MessagesController.java shownFilters 1
account TMessagesProj/src/main/java/org/telegram/messenger/NotificationsController.java badgeRebuilt 2
account TMessagesProj/src/main/java/org/telegram/ui/Adapters/DialogsSearchAdapter.java hidingEverywhere 1
account TMessagesProj/src/main/java/org/telegram/ui/Adapters/DialogsSearchAdapter.java hidingFromSuggestions 1
account TMessagesProj/src/main/java/org/telegram/ui/Cells/DialogCell.java recentStyle 2
account TMessagesProj/src/main/java/org/telegram/ui/Components/DialogsChannelsAdapter.java filtering 1
account TMessagesProj/src/main/java/org/telegram/ui/Components/DialogsChannelsAdapter.java state 1
account TMessagesProj/src/main/java/org/telegram/ui/Components/FilterTabsView.java foldersRestricted 3
account TMessagesProj/src/main/java/org/telegram/ui/DialogsActivity.java filtering 1
account TMessagesProj/src/main/java/org/telegram/ui/DialogsActivity.java foldersRestricted 1
account TMessagesProj/src/main/java/org/telegram/ui/DialogsActivity.java hidingArchive 1
account TMessagesProj/src/main/java/org/telegram/ui/DialogsActivity.java menuLabel 1
account TMessagesProj/src/main/java/org/telegram/ui/DialogsActivity.java state 1
account TMessagesProj/src/main/java/org/telegram/ui/SettingsActivity.java state 1
account TMessagesProj/src/main/java/org/telegram/ui/Stories/DialogStoriesCell.java filteringStories 1
account TMessagesProj/src/main/java/org/telegram/ui/Stories/StoriesController.java addStoryShown 1
account TMessagesProj/src/main/java/org/telegram/ui/Stories/StoriesController.java filteringStories 1
caller TMessagesProj/src/main/java/org/telegram/messenger/ChatsWidgetService.java isDialogMuted 1
caller TMessagesProj/src/main/java/org/telegram/messenger/MessagesController.java getDialogFilters 3
caller TMessagesProj/src/main/java/org/telegram/messenger/MessagesController.java isDialogMuted 14
caller TMessagesProj/src/main/java/org/telegram/messenger/MessagesStorage.java isDialogMuted 6
caller TMessagesProj/src/main/java/org/telegram/messenger/NotificationsController.java isDialogMuted 1
caller TMessagesProj/src/main/java/org/telegram/messenger/TopicsController.java isDialogMuted 1
caller TMessagesProj/src/main/java/org/telegram/ui/Cells/DialogCell.java isDialogMuted 3
caller TMessagesProj/src/main/java/org/telegram/ui/Cells/ProfileSearchCell.java isDialogMuted 1
caller TMessagesProj/src/main/java/org/telegram/ui/ChatActivity.java isDialogMuted 1
caller TMessagesProj/src/main/java/org/telegram/ui/Components/TopicsTabsView.java isDialogMuted 6
caller TMessagesProj/src/main/java/org/telegram/ui/DialogsActivity.java getDialogFilters 13
caller TMessagesProj/src/main/java/org/telegram/ui/EditWidgetActivity.java isDialogMuted 1
caller TMessagesProj/src/main/java/org/telegram/ui/MainTabsActivity.java getDialogFilters 1
caller TMessagesProj/src/main/java/org/telegram/ui/MainTabsActivity.java isDialogMuted 1
caller TMessagesProj/src/main/java/org/telegram/ui/ProfileActivity.java isDialogMuted 2
caller TMessagesProj/src/main/java/org/telegram/ui/TopicsFragment.java isDialogMuted 1
file .gitignore 4 0 1
file .gitmodules 3 0 1
file TMessagesProj/build.gradle 1 0 1
file TMessagesProj/google-services.json 29 0 1
file TMessagesProj/jni/CMakeLists.txt 65 0 2
file TMessagesProj/proguard-rules.pro 10 1 1
file TMessagesProj/src/main/AndroidManifest.xml 23 1 2
file TMessagesProj/src/main/java/org/telegram/messenger/ApplicationLoader.java 6 1 3
file TMessagesProj/src/main/java/org/telegram/messenger/BuildVars.java 4 3 2
file TMessagesProj/src/main/java/org/telegram/messenger/ContactsController.java 5 5 5
file TMessagesProj/src/main/java/org/telegram/messenger/DownloadController.java 13 0 5
file TMessagesProj/src/main/java/org/telegram/messenger/LocaleController.java 18 2 1
file TMessagesProj/src/main/java/org/telegram/messenger/MediaDataController.java 20 0 2
file TMessagesProj/src/main/java/org/telegram/messenger/MessageObject.java 18 0 2
file TMessagesProj/src/main/java/org/telegram/messenger/MessagesController.java 171 9 16
file TMessagesProj/src/main/java/org/telegram/messenger/MessagesStorage.java 292 40 22
file TMessagesProj/src/main/java/org/telegram/messenger/NotificationsController.java 213 65 51
file TMessagesProj/src/main/java/org/telegram/messenger/ScreenReceiver.java 10 0 2
file TMessagesProj/src/main/java/org/telegram/messenger/SendMessagesHelper.java 52 5 15
file TMessagesProj/src/main/java/org/telegram/messenger/SharedConfig.java 11 1 3
file TMessagesProj/src/main/java/org/telegram/messenger/TranslateController.java 10 2 4
file TMessagesProj/src/main/java/org/telegram/messenger/video/VideoAds.java 5 1 2
file TMessagesProj/src/main/java/org/telegram/tgnet/ConnectionsManager.java 6 1 2
file TMessagesProj/src/main/java/org/telegram/ui/Adapters/ContactsAdapter.java 112 24 16
file TMessagesProj/src/main/java/org/telegram/ui/Adapters/DialogsSearchAdapter.java 93 3 10
file TMessagesProj/src/main/java/org/telegram/ui/Adapters/SearchAdapter.java 53 18 5
file TMessagesProj/src/main/java/org/telegram/ui/ArchiveSettingsActivity.java 1 1 1
file TMessagesProj/src/main/java/org/telegram/ui/CacheControlActivity.java 98 3 6
file TMessagesProj/src/main/java/org/telegram/ui/Cells/ChatMessageCell.java 44 0 4
file TMessagesProj/src/main/java/org/telegram/ui/Cells/DialogCell.java 142 1 11
file TMessagesProj/src/main/java/org/telegram/ui/Cells/GroupCreateUserCell.java 7 1 2
file TMessagesProj/src/main/java/org/telegram/ui/Cells/ManageChatUserCell.java 7 1 2
file TMessagesProj/src/main/java/org/telegram/ui/Cells/ProfileSearchCell.java 7 1 2
file TMessagesProj/src/main/java/org/telegram/ui/Cells/UserCell.java 7 1 2
file TMessagesProj/src/main/java/org/telegram/ui/Cells/UserCell2.java 7 1 2
file TMessagesProj/src/main/java/org/telegram/ui/ChatActivity.java 67 10 27
file TMessagesProj/src/main/java/org/telegram/ui/Components/ChatActivityEnterView.java 36 0 7
file TMessagesProj/src/main/java/org/telegram/ui/Components/ChatAvatarContainer.java 74 0 5
file TMessagesProj/src/main/java/org/telegram/ui/Components/ChatNotificationsPopupWrapper.java 7 4 4
file TMessagesProj/src/main/java/org/telegram/ui/Components/ContactsEmptyView.java 10 0 1
file TMessagesProj/src/main/java/org/telegram/ui/Components/DialogsChannelsAdapter.java 37 2 5
file TMessagesProj/src/main/java/org/telegram/ui/Components/FilterTabsView.java 22 3 5
file TMessagesProj/src/main/java/org/telegram/ui/Components/MessagePrivateSeenView.java 81 29 7
file TMessagesProj/src/main/java/org/telegram/ui/Components/Premium/boosts/UserSelectorBottomSheet.java 4 2 3
file TMessagesProj/src/main/java/org/telegram/ui/Components/Premium/boosts/cells/selector/SelectorUserCell.java 7 1 2
file TMessagesProj/src/main/java/org/telegram/ui/Components/SearchViewPager.java 12 1 2
file TMessagesProj/src/main/java/org/telegram/ui/Components/ShareAlert.java 21 2 5
file TMessagesProj/src/main/java/org/telegram/ui/Components/quickforward/QuickShareSelectorOverlayLayout.java 7 2 2
file TMessagesProj/src/main/java/org/telegram/ui/ContactsActivity.java 58 1 10
file TMessagesProj/src/main/java/org/telegram/ui/DialogsActivity.java 234 15 27
file TMessagesProj/src/main/java/org/telegram/ui/FilterCreateActivity.java 1 1 1
file TMessagesProj/src/main/java/org/telegram/ui/FiltersSetupActivity.java 5 5 5
file TMessagesProj/src/main/java/org/telegram/ui/LaunchActivity.java 29 1 7
file TMessagesProj/src/main/java/org/telegram/ui/LauncherIconController.java 13 2 2
file TMessagesProj/src/main/java/org/telegram/ui/MainTabsActivity.java 16 3 3
file TMessagesProj/src/main/java/org/telegram/ui/MultiContactsSelectorBottomSheet.java 4 1 2
file TMessagesProj/src/main/java/org/telegram/ui/NotificationsCustomSettingsActivity.java 18 5 4
file TMessagesProj/src/main/java/org/telegram/ui/NotificationsSettingsActivity.java 13 5 5
file TMessagesProj/src/main/java/org/telegram/ui/ProfileActivity.java 37 10 13
file TMessagesProj/src/main/java/org/telegram/ui/SettingsActivity.java 33 0 4
file TMessagesProj/src/main/java/org/telegram/ui/Stories/DialogStoriesCell.java 27 4 4
file TMessagesProj/src/main/java/org/telegram/ui/Stories/StoriesController.java 73 2 4
file TMessagesProj/src/main/java/org/telegram/ui/Stories/StoryViewer.java 5 1 1
file TMessagesProj/src/main/java/org/telegram/ui/TopicsFragment.java 7 5 4
file TMessagesProj/src/main/res/values-ar/strings.xml 2 2 1
file TMessagesProj/src/main/res/values-de/strings.xml 2 2 1
file TMessagesProj/src/main/res/values-es/strings.xml 2 2 1
file TMessagesProj/src/main/res/values-it/strings.xml 2 2 1
file TMessagesProj/src/main/res/values-ko/strings.xml 2 2 1
file TMessagesProj/src/main/res/values-nl/strings.xml 2 2 1
file TMessagesProj/src/main/res/values-pt-rBR/strings.xml 2 2 1
file TMessagesProj/src/main/res/values-ru/strings.xml 2 2 1
file TMessagesProj/src/main/res/values-uk/strings.xml 2 2 1
file TMessagesProj/src/main/res/values/strings.xml 560 2 2
file TMessagesProj/src/main/res/xml/auth.xml 1 1 1
file TMessagesProj/src/main/res/xml/auth_menu.xml 1 1 1
file TMessagesProj/src/main/res/xml/provider_paths.xml 2 0 1
file TMessagesProj/src/main/res/xml/sync_contacts.xml 1 1 1
file TMessagesProj_App/google-services.json 29 0 1
file TMessagesProj_AppStandalone/build.gradle 1 0 1
file TMessagesProj_AppStandalone/google-services.json 29 0 1
